0 verbose cli C:\Program Files\nodejs\node.exe C:\Program Files\nodejs\node_modules\npm\bin\npm-cli.js
1 info using npm@11.19.0
2 info using node@v24.21.0
3 silly config load:file:C:\Program Files\nodejs\node_modules\npm\npmrc
4 silly config load:file:D:\함국주\test\.npmrc
5 silly config load:file:C:\Users\Administrator\.npmrc
6 silly config load:file:C:\Users\Administrator\AppData\Roaming\npm\etc\npmrc
7 verbose title npm install three@0.170.0 three-mesh-bvh@0.8.3 three-gpu-pathtracer@0.0.23 esbuild@0.25.11
8 verbose argv "install" "--save-exact" "three@0.170.0" "three-mesh-bvh@0.8.3" "three-gpu-pathtracer@0.0.23" "esbuild@0.25.11" "--cache" ".cache/npm" "--fetch-timeout" "20000" "--fetch-retries" "0"
9 verbose logfile logs-max:10 dir:D:\함국주\test\.cache\npm\_logs\2026-10-06T08_36_00_947Z-
10 verbose logfile D:\함국주\test\.cache\npm\_logs\2026-10-06T08_36_00_947Z-debug-0.log
11 silly logfile done cleaning log files
12 silly install-scripts no package.json at prefix Could not read package.json: Error: ENOENT: no such file or directory, open 'D:\함국주\test\package.json'
13 silly packumentCache heap:4496293888 maxSize:1124073472 maxEntrySize:562036736
14 silly idealTree buildDeps
15 silly fetch manifest three@0.170.0
16 silly packumentCache full:https://registry.npmjs.org/three cache-miss
17 http fetch GET 200 https://registry.npmjs.org/npm 107ms
18 http fetch GET 200 https://registry.npmjs.org/three 111ms (cache miss)
19 silly packumentCache full:https://registry.npmjs.org/three set size:undefined disposed:false
20 silly fetch manifest three-mesh-bvh@0.8.3
21 silly packumentCache full:https://registry.npmjs.org/three-mesh-bvh cache-miss
22 http fetch GET 200 https://registry.npmjs.org/three-mesh-bvh 189ms (cache miss)
23 silly packumentCache full:https://registry.npmjs.org/three-mesh-bvh set size:undefined disposed:false
24 silly fetch manifest three-gpu-pathtracer@0.0.23
25 silly packumentCache full:https://registry.npmjs.org/three-gpu-pathtracer cache-miss
26 http fetch GET 200 https://registry.npmjs.org/three-gpu-pathtracer 31ms (cache miss)
27 silly packumentCache full:https://registry.npmjs.org/three-gpu-pathtracer set size:undefined disposed:false
28 silly fetch manifest xatlas-web@^0.1.0
29 silly packumentCache full:https://registry.npmjs.org/xatlas-web cache-miss
30 http fetch GET 200 https://registry.npmjs.org/xatlas-web 190ms (cache miss)
31 silly packumentCache full:https://registry.npmjs.org/xatlas-web set size:undefined disposed:false
32 silly fetch manifest esbuild@0.25.11
33 silly packumentCache full:https://registry.npmjs.org/esbuild cache-miss
34 http fetch GET 200 https://registry.npmjs.org/esbuild 85ms (cache miss)
35 silly packumentCache full:https://registry.npmjs.org/esbuild set size:undefined disposed:false
36 silly placeDep ROOT esbuild@0.25.11 OK for:  want: 0.25.11
37 silly placeDep ROOT three@0.170.0 OK for:  want: 0.170.0
38 silly placeDep ROOT three-gpu-pathtracer@0.0.23 OK for:  want: 0.0.23
39 silly placeDep ROOT xatlas-web@0.1.0 OK for: three-gpu-pathtracer@0.0.23 want: ^0.1.0
40 silly placeDep ROOT three-mesh-bvh@0.8.3 OK for: three-gpu-pathtracer@0.0.23 want: >=0.7.4
41 silly placeDep ROOT three-mesh-bvh@0.8.3 REPLACE for:  want: 0.8.3
42 silly fetch manifest @esbuild/aix-ppc64@0.25.11
43 silly packumentCache full:https://registry.npmjs.org/@esbuild%2faix-ppc64 cache-miss
44 silly fetch manifest @esbuild/linux-arm@0.25.11
45 silly packumentCache full:https://registry.npmjs.org/@esbuild%2flinux-arm cache-miss
46 silly fetch manifest @esbuild/linux-x64@0.25.11
47 silly packumentCache full:https://registry.npmjs.org/@esbuild%2flinux-x64 cache-miss
48 silly fetch manifest @esbuild/sunos-x64@0.25.11
49 silly packumentCache full:https://registry.npmjs.org/@esbuild%2fsunos-x64 cache-miss
50 silly fetch manifest @esbuild/win32-x64@0.25.11
51 silly packumentCache full:https://registry.npmjs.org/@esbuild%2fwin32-x64 cache-miss
52 silly fetch manifest @esbuild/darwin-x64@0.25.11
53 silly packumentCache full:https://registry.npmjs.org/@esbuild%2fdarwin-x64 cache-miss
54 silly fetch manifest @esbuild/linux-ia32@0.25.11
55 silly packumentCache full:https://registry.npmjs.org/@esbuild%2flinux-ia32 cache-miss
56 silly fetch manifest @esbuild/netbsd-x64@0.25.11
57 silly packumentCache full:https://registry.npmjs.org/@esbuild%2fnetbsd-x64 cache-miss
58 silly fetch manifest @esbuild/win32-ia32@0.25.11
59 silly packumentCache full:https://registry.npmjs.org/@esbuild%2fwin32-ia32 cache-miss
60 silly fetch manifest @esbuild/android-arm@0.25.11
61 silly packumentCache full:https://registry.npmjs.org/@esbuild%2fandroid-arm cache-miss
62 silly fetch manifest @esbuild/android-x64@0.25.11
63 silly packumentCache full:https://registry.npmjs.org/@esbuild%2fandroid-x64 cache-miss
64 http fetch GET 200 https://registry.npmjs.org/@esbuild%2faix-ppc64 45ms (cache miss)
65 silly packumentCache full:https://registry.npmjs.org/@esbuild%2faix-ppc64 set size:undefined disposed:false
66 silly fetch manifest @esbuild/freebsd-x64@0.25.11
67 silly packumentCache full:https://registry.npmjs.org/@esbuild%2ffreebsd-x64 cache-miss
68 http fetch GET 200 https://registry.npmjs.org/@esbuild%2flinux-arm 56ms (cache miss)
69 silly packumentCache full:https://registry.npmjs.org/@esbuild%2flinux-arm set size:undefined disposed:false
70 silly fetch manifest @esbuild/linux-arm64@0.25.11
71 silly packumentCache full:https://registry.npmjs.org/@esbuild%2flinux-arm64 cache-miss
72 http fetch GET 200 https://registry.npmjs.org/@esbuild%2fdarwin-x64 88ms (cache miss)
73 silly packumentCache full:https://registry.npmjs.org/@esbuild%2fdarwin-x64 set size:undefined disposed:false
74 silly fetch manifest @esbuild/linux-ppc64@0.25.11
75 silly packumentCache full:https://registry.npmjs.org/@esbuild%2flinux-ppc64 cache-miss
76 http fetch GET 200 https://registry.npmjs.org/@esbuild%2ffreebsd-x64 50ms (cache miss)
77 silly packumentCache full:https://registry.npmjs.org/@esbuild%2ffreebsd-x64 set size:undefined disposed:false
78 silly fetch manifest @esbuild/linux-s390x@0.25.11
79 silly packumentCache full:https://registry.npmjs.org/@esbuild%2flinux-s390x cache-miss
80 http fetch GET 200 https://registry.npmjs.org/@esbuild%2flinux-x64 103ms (cache miss)
81 silly packumentCache full:https://registry.npmjs.org/@esbuild%2flinux-x64 set size:undefined disposed:false
82 silly fetch manifest @esbuild/openbsd-x64@0.25.11
83 silly packumentCache full:https://registry.npmjs.org/@esbuild%2fopenbsd-x64 cache-miss
84 http fetch GET 200 https://registry.npmjs.org/@esbuild%2fwin32-ia32 104ms (cache miss)
85 silly packumentCache full:https://registry.npmjs.org/@esbuild%2fwin32-ia32 set size:undefined disposed:false
86 silly fetch manifest @esbuild/win32-arm64@0.25.11
87 silly packumentCache full:https://registry.npmjs.org/@esbuild%2fwin32-arm64 cache-miss
88 http fetch GET 200 https://registry.npmjs.org/@esbuild%2fwin32-x64 109ms (cache miss)
89 silly packumentCache full:https://registry.npmjs.org/@esbuild%2fwin32-x64 set size:undefined disposed:false
90 silly fetch manifest @esbuild/darwin-arm64@0.25.11
91 silly packumentCache full:https://registry.npmjs.org/@esbuild%2fdarwin-arm64 cache-miss
92 http fetch GET 200 https://registry.npmjs.org/@esbuild%2flinux-ia32 111ms (cache miss)
93 silly packumentCache full:https://registry.npmjs.org/@esbuild%2flinux-ia32 set size:undefined disposed:false
94 silly fetch manifest @esbuild/netbsd-arm64@0.25.11
95 silly packumentCache full:https://registry.npmjs.org/@esbuild%2fnetbsd-arm64 cache-miss
96 http fetch GET 200 https://registry.npmjs.org/@esbuild%2fsunos-x64 114ms (cache miss)
97 silly packumentCache full:https://registry.npmjs.org/@esbuild%2fsunos-x64 set size:undefined disposed:false
98 silly fetch manifest @esbuild/android-arm64@0.25.11
99 silly packumentCache full:https://registry.npmjs.org/@esbuild%2fandroid-arm64 cache-miss
100 http fetch GET 200 https://registry.npmjs.org/@esbuild%2fnetbsd-x64 113ms (cache miss)
101 silly packumentCache full:https://registry.npmjs.org/@esbuild%2fnetbsd-x64 set size:undefined disposed:false
102 silly fetch manifest @esbuild/freebsd-arm64@0.25.11
103 silly packumentCache full:https://registry.npmjs.org/@esbuild%2ffreebsd-arm64 cache-miss
104 http fetch GET 200 https://registry.npmjs.org/@esbuild%2fandroid-arm 117ms (cache miss)
105 silly packumentCache full:https://registry.npmjs.org/@esbuild%2fandroid-arm set size:undefined disposed:false
106 silly fetch manifest @esbuild/linux-loong64@0.25.11
107 silly packumentCache full:https://registry.npmjs.org/@esbuild%2flinux-loong64 cache-miss
108 http fetch GET 200 https://registry.npmjs.org/@esbuild%2fandroid-x64 120ms (cache miss)
109 silly packumentCache full:https://registry.npmjs.org/@esbuild%2fandroid-x64 set size:undefined disposed:false
110 silly fetch manifest @esbuild/linux-riscv64@0.25.11
111 silly packumentCache full:https://registry.npmjs.org/@esbuild%2flinux-riscv64 cache-miss
112 http fetch GET 200 https://registry.npmjs.org/@esbuild%2flinux-arm64 72ms (cache miss)
113 silly packumentCache full:https://registry.npmjs.org/@esbuild%2flinux-arm64 set size:undefined disposed:false
114 silly fetch manifest @esbuild/openbsd-arm64@0.25.11
115 silly packumentCache full:https://registry.npmjs.org/@esbuild%2fopenbsd-arm64 cache-miss
116 http fetch GET 200 https://registry.npmjs.org/@esbuild%2flinux-s390x 38ms (cache miss)
117 silly packumentCache full:https://registry.npmjs.org/@esbuild%2flinux-s390x set size:undefined disposed:false
118 silly fetch manifest @esbuild/linux-mips64el@0.25.11
119 silly packumentCache full:https://registry.npmjs.org/@esbuild%2flinux-mips64el cache-miss
120 http fetch GET 200 https://registry.npmjs.org/@esbuild%2flinux-ppc64 48ms (cache miss)
121 silly packumentCache full:https://registry.npmjs.org/@esbuild%2flinux-ppc64 set size:undefined disposed:false
122 silly fetch manifest @esbuild/openharmony-arm64@0.25.11
123 silly packumentCache full:https://registry.npmjs.org/@esbuild%2fopenharmony-arm64 cache-miss
124 http fetch GET 200 https://registry.npmjs.org/@esbuild%2fnetbsd-arm64 37ms (cache miss)
125 silly packumentCache full:https://registry.npmjs.org/@esbuild%2fnetbsd-arm64 set size:undefined disposed:false
126 http fetch GET 200 https://registry.npmjs.org/@esbuild%2fopenbsd-x64 51ms (cache miss)
127 silly packumentCache full:https://registry.npmjs.org/@esbuild%2fopenbsd-x64 set size:undefined disposed:false
128 http fetch GET 200 https://registry.npmjs.org/@esbuild%2fwin32-arm64 48ms (cache miss)
129 silly packumentCache full:https://registry.npmjs.org/@esbuild%2fwin32-arm64 set size:undefined disposed:false
130 http fetch GET 200 https://registry.npmjs.org/@esbuild%2fandroid-arm64 43ms (cache miss)
131 silly packumentCache full:https://registry.npmjs.org/@esbuild%2fandroid-arm64 set size:undefined disposed:false
132 http fetch GET 200 https://registry.npmjs.org/@esbuild%2fdarwin-arm64 50ms (cache miss)
133 silly packumentCache full:https://registry.npmjs.org/@esbuild%2fdarwin-arm64 set size:undefined disposed:false
134 http fetch GET 200 https://registry.npmjs.org/@esbuild%2ffreebsd-arm64 51ms (cache miss)
135 silly packumentCache full:https://registry.npmjs.org/@esbuild%2ffreebsd-arm64 set size:undefined disposed:false
136 http fetch GET 200 https://registry.npmjs.org/@esbuild%2flinux-loong64 50ms (cache miss)
137 silly packumentCache full:https://registry.npmjs.org/@esbuild%2flinux-loong64 set size:undefined disposed:false
138 http fetch GET 200 https://registry.npmjs.org/@esbuild%2fopenharmony-arm64 39ms (cache miss)
139 silly packumentCache full:https://registry.npmjs.org/@esbuild%2fopenharmony-arm64 set size:undefined disposed:false
140 http fetch GET 200 https://registry.npmjs.org/@esbuild%2flinux-mips64el 45ms (cache miss)
141 silly packumentCache full:https://registry.npmjs.org/@esbuild%2flinux-mips64el set size:undefined disposed:false
142 http fetch GET 200 https://registry.npmjs.org/@esbuild%2flinux-riscv64 58ms (cache miss)
143 silly packumentCache full:https://registry.npmjs.org/@esbuild%2flinux-riscv64 set size:undefined disposed:false
144 http fetch GET 200 https://registry.npmjs.org/@esbuild%2fopenbsd-arm64 53ms (cache miss)
145 silly packumentCache full:https://registry.npmjs.org/@esbuild%2fopenbsd-arm64 set size:undefined disposed:false
146 silly placeDep ROOT @esbuild/aix-ppc64@0.25.11 OK for: esbuild@0.25.11 want: 0.25.11
147 silly placeDep ROOT @esbuild/android-arm@0.25.11 OK for: esbuild@0.25.11 want: 0.25.11
148 silly placeDep ROOT @esbuild/android-arm64@0.25.11 OK for: esbuild@0.25.11 want: 0.25.11
149 silly placeDep ROOT @esbuild/android-x64@0.25.11 OK for: esbuild@0.25.11 want: 0.25.11
150 silly placeDep ROOT @esbuild/darwin-arm64@0.25.11 OK for: esbuild@0.25.11 want: 0.25.11
151 silly placeDep ROOT @esbuild/darwin-x64@0.25.11 OK for: esbuild@0.25.11 want: 0.25.11
152 silly placeDep ROOT @esbuild/freebsd-arm64@0.25.11 OK for: esbuild@0.25.11 want: 0.25.11
153 silly placeDep ROOT @esbuild/freebsd-x64@0.25.11 OK for: esbuild@0.25.11 want: 0.25.11
154 silly placeDep ROOT @esbuild/linux-arm@0.25.11 OK for: esbuild@0.25.11 want: 0.25.11
155 silly placeDep ROOT @esbuild/linux-arm64@0.25.11 OK for: esbuild@0.25.11 want: 0.25.11
156 silly placeDep ROOT @esbuild/linux-ia32@0.25.11 OK for: esbuild@0.25.11 want: 0.25.11
157 silly placeDep ROOT @esbuild/linux-loong64@0.25.11 OK for: esbuild@0.25.11 want: 0.25.11
158 silly placeDep ROOT @esbuild/linux-mips64el@0.25.11 OK for: esbuild@0.25.11 want: 0.25.11
159 silly placeDep ROOT @esbuild/linux-ppc64@0.25.11 OK for: esbuild@0.25.11 want: 0.25.11
160 silly placeDep ROOT @esbuild/linux-riscv64@0.25.11 OK for: esbuild@0.25.11 want: 0.25.11
161 silly placeDep ROOT @esbuild/linux-s390x@0.25.11 OK for: esbuild@0.25.11 want: 0.25.11
162 silly placeDep ROOT @esbuild/linux-x64@0.25.11 OK for: esbuild@0.25.11 want: 0.25.11
163 silly placeDep ROOT @esbuild/netbsd-arm64@0.25.11 OK for: esbuild@0.25.11 want: 0.25.11
164 silly placeDep ROOT @esbuild/netbsd-x64@0.25.11 OK for: esbuild@0.25.11 want: 0.25.11
165 silly placeDep ROOT @esbuild/openbsd-arm64@0.25.11 OK for: esbuild@0.25.11 want: 0.25.11
166 silly placeDep ROOT @esbuild/openbsd-x64@0.25.11 OK for: esbuild@0.25.11 want: 0.25.11
167 silly placeDep ROOT @esbuild/openharmony-arm64@0.25.11 OK for: esbuild@0.25.11 want: 0.25.11
168 silly placeDep ROOT @esbuild/sunos-x64@0.25.11 OK for: esbuild@0.25.11 want: 0.25.11
169 silly placeDep ROOT @esbuild/win32-arm64@0.25.11 OK for: esbuild@0.25.11 want: 0.25.11
170 silly placeDep ROOT @esbuild/win32-ia32@0.25.11 OK for: esbuild@0.25.11 want: 0.25.11
171 silly placeDep ROOT @esbuild/win32-x64@0.25.11 OK for: esbuild@0.25.11 want: 0.25.11
172 silly reify moves {}
173 http cache @esbuild/win32-x64@https://registry.npmjs.org/@esbuild/win32-x64/-/win32-x64-0.25.11.tgz 0ms (cache hit)
174 http cache three-mesh-bvh@https://registry.npmjs.org/three-mesh-bvh/-/three-mesh-bvh-0.8.3.tgz 0ms (cache hit)
175 http cache three@https://registry.npmjs.org/three/-/three-0.170.0.tgz 0ms (cache hit)
176 http cache esbuild@https://registry.npmjs.org/esbuild/-/esbuild-0.25.11.tgz 0ms (cache hit)
177 http cache three-gpu-pathtracer@https://registry.npmjs.org/three-gpu-pathtracer/-/three-gpu-pathtracer-0.0.23.tgz 0ms (cache hit)
178 http cache xatlas-web@https://registry.npmjs.org/xatlas-web/-/xatlas-web-0.1.0.tgz 0ms (cache hit)
179 silly tarball no local data for @esbuild/win32-x64@https://registry.npmjs.org/@esbuild/win32-x64/-/win32-x64-0.25.11.tgz. Extracting by manifest.
180 silly tarball no local data for three-mesh-bvh@https://registry.npmjs.org/three-mesh-bvh/-/three-mesh-bvh-0.8.3.tgz. Extracting by manifest.
181 silly tarball no local data for three@https://registry.npmjs.org/three/-/three-0.170.0.tgz. Extracting by manifest.
182 silly tarball no local data for esbuild@https://registry.npmjs.org/esbuild/-/esbuild-0.25.11.tgz. Extracting by manifest.
183 silly tarball no local data for three-gpu-pathtracer@https://registry.npmjs.org/three-gpu-pathtracer/-/three-gpu-pathtracer-0.0.23.tgz. Extracting by manifest.
184 silly tarball no local data for xatlas-web@https://registry.npmjs.org/xatlas-web/-/xatlas-web-0.1.0.tgz. Extracting by manifest.
185 http fetch GET 200 https://registry.npmjs.org/esbuild/-/esbuild-0.25.11.tgz 65ms (cache miss)
186 http fetch GET 200 https://registry.npmjs.org/xatlas-web/-/xatlas-web-0.1.0.tgz 74ms (cache miss)
187 http fetch GET 200 https://registry.npmjs.org/three-mesh-bvh/-/three-mesh-bvh-0.8.3.tgz 196ms (cache miss)
188 http fetch GET 200 https://registry.npmjs.org/three-gpu-pathtracer/-/three-gpu-pathtracer-0.0.23.tgz 214ms (cache miss)
189 http fetch GET 200 https://registry.npmjs.org/@esbuild/win32-x64/-/win32-x64-0.25.11.tgz 366ms (cache miss)
190 http fetch GET 200 https://registry.npmjs.org/three/-/three-0.170.0.tgz 1318ms (cache miss)
191 info run esbuild@0.25.11 postinstall node_modules/esbuild node install.js
192 info run esbuild@0.25.11 postinstall { code: 0, signal: null }
193 silly ADD node_modules/@esbuild/win32-x64
194 silly ADD node_modules/three-mesh-bvh
195 silly ADD node_modules/xatlas-web
196 silly ADD node_modules/three-gpu-pathtracer
197 silly ADD node_modules/three
198 silly ADD node_modules/esbuild
199 warn install-scripts 1 package has install scripts not yet covered by allowScripts:
199 warn install-scripts   esbuild@0.25.11 (postinstall: node install.js)
199 warn install-scripts
199 warn install-scripts Run `npm install-scripts ls` to review, or `npm install-scripts approve <pkg>` to allow.
200 verbose cwd D:\함국주\test
201 verbose os Windows_NT 10.0.22621
202 verbose node v24.21.0
203 verbose npm  v11.19.0
204 notice
204 notice New major version of npm available! 11.19.0 -> 12.2.0
204 notice Changelog: https://github.com/npm/cli/releases/tag/v12.2.0
204 notice To update run: npm install -g npm@12.2.0
204 notice  { force: true, Symbol(proc-log.meta): true }
205 verbose exit 0
206 info ok
